{
  "data": {
    "folders": [
      {
        "created_at": "2026-09-17T15:07:30.570744",
        "created_by": "API Tests",
        "id": 5,
        "name": "R09-FULL-112-20260917",
        "parent_id": null,
        "resource_id": 129,
        "resource_path": "/workspace:API Tests:4/project:API Tests_project:3/label:R09-FULL-112-20260917:5",
        "status": "ready",
        "updated_at": "2026-09-17T15:07:30.570752"
      }
    ],
    "limit": 1,
    "next": "http://release.mammoth.io/workspaces/4/projects/3/folders?limit=1&offset=1",
    "offset": 0,
    "total": null
  },
  "meta": {
    "command": "folder list",
    "pagination": null,
    "profile": "expanded-live",
    "project_id": 3,
    "workspace_id": 4
  },
  "schema_version": 1
}

