{
  "error": {
    "authorization_required": true,
    "code": "authorization_required",
    "details": {
      "endpoint": "/workspaces/4/projects/3/folders/999999",
      "exception_type": null,
      "method": "GET",
      "operation_state": "failed",
      "phase": "response",
      "response_body": {
        "details": {
          "error_object": {
            "code": 70,
            "message": "User lacks permission to perform given action"
          },
          "status_code": 403
        },
        "error_code": "4PERM002",
        "message": "User lacks permission to perform given action",
        "name": "PERMISSION_ERROR"
      },
      "status_code": 403
    },
    "hint": "Check the target scope or ask an administrator for permission.",
    "message": "Mammoth denied access to the requested resource or operation.",
    "recovery_commands": [],
    "request_id": null,
    "retryable": false
  },
  "schema_version": 1
}

