{
  "error": {
    "authorization_required": true,
    "code": "authorization_required",
    "details": {
      "endpoint": "/workspaces/4/projects/180/folders/5",
      "exception_type": null,
      "method": "GET",
      "operation_state": "failed",
      "phase": "response",
      "response_body": {
        "error_code": "4RESO001",
        "message": "You are not authorized to perform this action",
        "name": "AUTHORIZATION_ERROR"
      },
      "status_code": 403
    },
    "hint": "Check the target scope or ask an administrator for permission.",
    "message": "Mammoth denied access to the requested resource or operation.",
    "recovery_commands": [],
    "request_id": null,
    "retryable": false
  },
  "schema_version": 1
}

